[INFO] Scanning for projects...
[INFO] 
[INFO] --------------------------< com.dsa:project >---------------------------
[INFO] Building dsa-project 0.0.1-SNAPSHOT
[INFO]   from pom.xml
[INFO] --------------------------------[ jar ]---------------------------------
[INFO] 
[INFO] >>> spring-boot:3.2.4:run (default-cli) > test-compile @ project >>>
[INFO] 
[INFO] --- resources:3.3.1:resources (default-resources) @ project ---
[INFO] Copying 0 resource from src/main/resources to target/classes
[INFO] Copying 5 resources from src/main/resources to target/classes
[INFO] 
[INFO] --- compiler:3.11.0:compile (default-compile) @ project ---
[INFO] Nothing to compile - all classes are up to date
[INFO] 
[INFO] --- resources:3.3.1:testResources (default-testResources) @ project ---
[INFO] skip non existing resourceDirectory /Users/admin/Documents/DSAProject/src/test/resources
[INFO] 
[INFO] --- compiler:3.11.0:testCompile (default-testCompile) @ project ---
[INFO] Nothing to compile - all classes are up to date
[INFO] 
[INFO] <<< spring-boot:3.2.4:run (default-cli) < test-compile @ project <<<
[INFO] 
[INFO] 
[INFO] --- spring-boot:3.2.4:run (default-cli) @ project ---
[INFO] Attaching agents: []

  .   ____          _            __ _ _
 /\\ / ___'_ __ _ _(_)_ __  __ _ \ \ \ \
( ( )\___ | '_ | '_| | '_ \/ _` | \ \ \ \
 \\/  ___)| |_)| | | | | || (_| |  ) ) ) )
  '  |____| .__|_| |_|_| |_\__, | / / / /
 =========|_|==============|___/=/_/_/_/
 :: Spring Boot ::                (v3.2.4)

2026-04-22T17:42:04.042+05:30  INFO 13485 --- [           main] com.dsa.project.Application              : Starting Application using Java 25.0.2 with PID 13485 (/Users/admin/Documents/DSAProject/target/classes started by admin in /Users/admin/Documents/DSAProject)
2026-04-22T17:42:04.044+05:30  INFO 13485 --- [           main] com.dsa.project.Application              : No active profile set, falling back to 1 default profile: "default"
2026-04-22T17:42:04.387+05:30  INFO 13485 --- [           main] .s.d.r.c.RepositoryConfigurationDelegate : Bootstrapping Spring Data JPA repositories in DEFAULT mode.
2026-04-22T17:42:04.400+05:30  INFO 13485 --- [           main] .s.d.r.c.RepositoryConfigurationDelegate : Finished Spring Data repository scanning in 8 ms. Found 0 JPA repository interfaces.
WARNING: A restricted method in java.lang.System has been called
WARNING: java.lang.System::load has been called by org.apache.tomcat.jni.Library in an unnamed module (file:/Users/admin/.m2/repository/org/apache/tomcat/embed/tomcat-embed-core/10.1.19/tomcat-embed-core-10.1.19.jar)
WARNING: Use --enable-native-access=ALL-UNNAMED to avoid a warning for callers in this module
WARNING: Restricted methods will be blocked in a future release unless native access is enabled

2026-04-22T17:42:04.693+05:30  INFO 13485 --- [           main] o.s.b.w.embedded.tomcat.TomcatWebServer  : Tomcat initialized with port 8080 (http)
2026-04-22T17:42:04.701+05:30  INFO 13485 --- [           main] o.apache.catalina.core.StandardService   : Starting service [Tomcat]
2026-04-22T17:42:04.701+05:30  INFO 13485 --- [           main] o.apache.catalina.core.StandardEngine    : Starting Servlet engine: [Apache Tomcat/10.1.19]
2026-04-22T17:42:04.769+05:30  INFO 13485 --- [           main] o.a.c.c.C.[Tomcat].[localhost].[/]       : Initializing Spring embedded WebApplicationContext
2026-04-22T17:42:04.770+05:30  INFO 13485 --- [           main] w.s.c.ServletWebServerApplicationContext : Root WebApplicationContext: initialization completed in 695 ms
2026-04-22T17:42:04.850+05:30  INFO 13485 --- [           main] com.zaxxer.hikari.HikariDataSource       : HikariPool-1 - Starting...
2026-04-22T17:42:04.968+05:30  INFO 13485 --- [           main] com.zaxxer.hikari.pool.HikariPool        : HikariPool-1 - Added connection conn0: url=jdbc:h2:mem:201d0d97-7168-49a9-9c6d-f9774ed365ad user=SA
2026-04-22T17:42:04.969+05:30  INFO 13485 --- [           main] com.zaxxer.hikari.HikariDataSource       : HikariPool-1 - Start completed.
2026-04-22T17:42:05.004+05:30  INFO 13485 --- [           main] o.hibernate.jpa.internal.util.LogHelper  : HHH000204: Processing PersistenceUnitInfo [name: default]
2026-04-22T17:42:05.037+05:30  INFO 13485 --- [           main] org.hibernate.Version                    : HHH000412: Hibernate ORM core version 6.4.4.Final
2026-04-22T17:42:05.060+05:30  INFO 13485 --- [           main] o.h.c.internal.RegionFactoryInitiator    : HHH000026: Second-level cache disabled
2026-04-22T17:42:05.199+05:30  INFO 13485 --- [           main] o.s.o.j.p.SpringPersistenceUnitInfo      : No LoadTimeWeaver setup: ignoring JPA class transformer
2026-04-22T17:42:05.729+05:30  INFO 13485 --- [           main] o.h.e.t.j.p.i.JtaPlatformInitiator       : HHH000489: No JTA platform available (set 'hibernate.transaction.jta.platform' to enable JTA platform integration)
2026-04-22T17:42:05.749+05:30  INFO 13485 --- [           main] j.LocalContainerEntityManagerFactoryBean : Initialized JPA EntityManagerFactory for persistence unit 'default'
2026-04-22T17:42:05.780+05:30  WARN 13485 --- [           main] JpaBaseConfiguration$JpaWebConfiguration : spring.jpa.open-in-view is enabled by default. Therefore, database queries may be performed during view rendering. Explicitly configure spring.jpa.open-in-view to disable this warning
2026-04-22T17:42:05.798+05:30  INFO 13485 --- [           main] o.s.b.a.w.s.WelcomePageHandlerMapping    : Adding welcome page template: index
2026-04-22T17:42:06.026+05:30  INFO 13485 --- [           main] o.s.b.w.embedded.tomcat.TomcatWebServer  : Tomcat started on port 8080 (http) with context path ''
2026-04-22T17:42:06.033+05:30  INFO 13485 --- [           main] com.dsa.project.Application              : Started Application in 2.189 seconds (process running for 2.397)
2026-04-22T17:42:30.092+05:30  INFO 13485 --- [nio-8080-exec-1] o.a.c.c.C.[Tomcat].[localhost].[/]       : Initializing Spring DispatcherServlet 'dispatcherServlet'
2026-04-22T17:42:30.094+05:30  INFO 13485 --- [nio-8080-exec-1] o.s.web.servlet.DispatcherServlet        : Initializing Servlet 'dispatcherServlet'
2026-04-22T17:42:30.097+05:30  INFO 13485 --- [nio-8080-exec-1] o.s.web.servlet.DispatcherServlet        : Completed initialization in 3 ms
2026-04-22T18:35:30.748+05:30  WARN 13485 --- [l-1 housekeeper] com.zaxxer.hikari.pool.HikariPool        : HikariPool-1 - Thread starvation or clock leap detected (housekeeper delta=34m25s579ms).
2026-04-22T20:33:00.893+05:30  WARN 13485 --- [l-1 housekeeper] com.zaxxer.hikari.pool.HikariPool        : HikariPool-1 - Thread starvation or clock leap detected (housekeeper delta=1h57m30s149ms).
2026-04-22T20:34:45.397+05:30  WARN 13485 --- [l-1 housekeeper] com.zaxxer.hikari.pool.HikariPool        : HikariPool-1 - Thread starvation or clock leap detected (housekeeper delta=1m44s505ms).
2026-04-22T23:50:52.796+05:30  WARN 13485 --- [l-1 housekeeper] com.zaxxer.hikari.pool.HikariPool        : HikariPool-1 - Thread starvation or clock leap detected (housekeeper delta=3h16m7s399ms).
2026-04-23T04:20:25.855+05:30  WARN 13485 --- [l-1 housekeeper] com.zaxxer.hikari.pool.HikariPool        : HikariPool-1 - Thread starvation or clock leap detected (housekeeper delta=4h3m2s953ms).
2026-04-23T08:03:55.543+05:30  WARN 13485 --- [l-1 housekeeper] com.zaxxer.hikari.pool.HikariPool        : HikariPool-1 - Thread starvation or clock leap detected (housekeeper delta=3h43m29s690ms).
2026-04-23T09:25:37.374+05:30  WARN 13485 --- [l-1 housekeeper] com.zaxxer.hikari.pool.HikariPool        : HikariPool-1 - Thread starvation or clock leap detected (housekeeper delta=1h21m41s830ms).
2026-04-23T12:28:29.124+05:30  WARN 13485 --- [l-1 housekeeper] com.zaxxer.hikari.pool.HikariPool        : HikariPool-1 - Thread starvation or clock leap detected (housekeeper delta=3h2m51s750ms).
2026-04-23T14:00:26.385+05:30  WARN 13485 --- [l-1 housekeeper] com.zaxxer.hikari.pool.HikariPool        : HikariPool-1 - Thread starvation or clock leap detected (housekeeper delta=1h31m57s262ms).
2026-04-23T14:01:28.356+05:30  WARN 13485 --- [l-1 housekeeper] com.zaxxer.hikari.pool.HikariPool        : HikariPool-1 - Thread starvation or clock leap detected (housekeeper delta=1m1s971ms).
2026-04-23T14:02:24.948+05:30  WARN 13485 --- [l-1 housekeeper] com.zaxxer.hikari.pool.HikariPool        : HikariPool-1 - Thread starvation or clock leap detected (housekeeper delta=56s593ms).
2026-04-23T14:03:20.339+05:30  WARN 13485 --- [l-1 housekeeper] com.zaxxer.hikari.pool.HikariPool        : HikariPool-1 - Thread starvation or clock leap detected (housekeeper delta=55s391ms).
2026-04-23T14:30:34.373+05:30  WARN 13485 --- [l-1 housekeeper] com.zaxxer.hikari.pool.HikariPool        : HikariPool-1 - Thread starvation or clock leap detected (housekeeper delta=27m14s33ms).
2026-04-23T14:51:09.779+05:30  WARN 13485 --- [l-1 housekeeper] com.zaxxer.hikari.pool.HikariPool        : HikariPool-1 - Thread starvation or clock leap detected (housekeeper delta=20m35s405ms).
2026-04-23T15:38:01.968+05:30  WARN 13485 --- [l-1 housekeeper] com.zaxxer.hikari.pool.HikariPool        : HikariPool-1 - Thread starvation or clock leap detected (housekeeper delta=17m22s23ms).
2026-04-23T15:44:32.907+05:30  WARN 13485 --- [l-1 housekeeper] com.zaxxer.hikari.pool.HikariPool        : HikariPool-1 - Thread starvation or clock leap detected (housekeeper delta=6m30s940ms).
2026-04-23T16:11:54.437+05:30  WARN 13485 --- [l-1 housekeeper] com.zaxxer.hikari.pool.HikariPool        : HikariPool-1 - Thread starvation or clock leap detected (housekeeper delta=3m51s398ms).
2026-04-23T17:08:30.477+05:30  WARN 13485 --- [l-1 housekeeper] com.zaxxer.hikari.pool.HikariPool        : HikariPool-1 - Thread starvation or clock leap detected (housekeeper delta=22m35s811ms).
2026-04-23T17:11:55.363+05:30  WARN 13485 --- [l-1 housekeeper] com.zaxxer.hikari.pool.HikariPool        : HikariPool-1 - Thread starvation or clock leap detected (housekeeper delta=54s867ms).
2026-04-23T17:20:09.906+05:30  WARN 13485 --- [l-1 housekeeper] com.zaxxer.hikari.pool.HikariPool        : HikariPool-1 - Thread starvation or clock leap detected (housekeeper delta=7m44s538ms).
2026-04-23T17:37:36.879+05:30  WARN 13485 --- [l-1 housekeeper] com.zaxxer.hikari.pool.HikariPool        : HikariPool-1 - Thread starvation or clock leap detected (housekeeper delta=17m26s972ms).
2026-04-23T17:43:27.872+05:30  WARN 13485 --- [l-1 housekeeper] com.zaxxer.hikari.pool.HikariPool        : HikariPool-1 - Thread starvation or clock leap detected (housekeeper delta=5m50s993ms).
2026-04-23T18:45:43.150+05:30  WARN 13485 --- [l-1 housekeeper] com.zaxxer.hikari.pool.HikariPool        : HikariPool-1 - Thread starvation or clock leap detected (housekeeper delta=1h2m15s278ms).
2026-04-23T18:53:30.128+05:30  WARN 13485 --- [l-1 housekeeper] com.zaxxer.hikari.pool.HikariPool        : HikariPool-1 - Thread starvation or clock leap detected (housekeeper delta=7m16s964ms).
2026-04-23T19:12:31.519+05:30  WARN 13485 --- [l-1 housekeeper] com.zaxxer.hikari.pool.HikariPool        : HikariPool-1 - Thread starvation or clock leap detected (housekeeper delta=19m1s392ms).
2026-04-23T20:13:45.632+05:30  WARN 13485 --- [l-1 housekeeper] com.zaxxer.hikari.pool.HikariPool        : HikariPool-1 - Thread starvation or clock leap detected (housekeeper delta=1h44s127ms).
2026-04-23T21:14:29.732+05:30  WARN 13485 --- [l-1 housekeeper] com.zaxxer.hikari.pool.HikariPool        : HikariPool-1 - Thread starvation or clock leap detected (housekeeper delta=1h44s103ms).
2026-04-23T22:15:44.692+05:30  WARN 13485 --- [l-1 housekeeper] com.zaxxer.hikari.pool.HikariPool        : HikariPool-1 - Thread starvation or clock leap detected (housekeeper delta=1h44s960ms).
2026-04-23T22:38:57.341+05:30  WARN 13485 --- [l-1 housekeeper] com.zaxxer.hikari.pool.HikariPool        : HikariPool-1 - Thread starvation or clock leap detected (housekeeper delta=23m12s649ms).
2026-04-23T22:46:08.754+05:30  WARN 13485 --- [l-1 housekeeper] com.zaxxer.hikari.pool.HikariPool        : HikariPool-1 - Thread starvation or clock leap detected (housekeeper delta=3m41s399ms).
2026-04-24T00:38:33.094+05:30  WARN 13485 --- [l-1 housekeeper] com.zaxxer.hikari.pool.HikariPool        : HikariPool-1 - Thread starvation or clock leap detected (housekeeper delta=4m53s660ms).
2026-04-24T02:27:08.889+05:30  WARN 13485 --- [l-1 housekeeper] com.zaxxer.hikari.pool.HikariPool        : HikariPool-1 - Thread starvation or clock leap detected (housekeeper delta=1h43m35s752ms).
2026-04-24T02:44:40.849+05:30  WARN 13485 --- [l-1 housekeeper] com.zaxxer.hikari.pool.HikariPool        : HikariPool-1 - Thread starvation or clock leap detected (housekeeper delta=17m31s960ms).
2026-04-24T03:45:54.795+05:30  WARN 13485 --- [l-1 housekeeper] com.zaxxer.hikari.pool.HikariPool        : HikariPool-1 - Thread starvation or clock leap detected (housekeeper delta=1h43s947ms).
2026-04-24T04:46:38.939+05:30  WARN 13485 --- [l-1 housekeeper] com.zaxxer.hikari.pool.HikariPool        : HikariPool-1 - Thread starvation or clock leap detected (housekeeper delta=1h44s145ms).
2026-04-24T05:23:43.087+05:30  WARN 13485 --- [l-1 housekeeper] com.zaxxer.hikari.pool.HikariPool        : HikariPool-1 - Thread starvation or clock leap detected (housekeeper delta=36m34s152ms).
2026-04-24T05:40:50.330+05:30  WARN 13485 --- [l-1 housekeeper] com.zaxxer.hikari.pool.HikariPool        : HikariPool-1 - Thread starvation or clock leap detected (housekeeper delta=17m7s244ms).
2026-04-24T05:48:02.963+05:30  WARN 13485 --- [l-1 housekeeper] com.zaxxer.hikari.pool.HikariPool        : HikariPool-1 - Thread starvation or clock leap detected (housekeeper delta=7m12s633ms).
2026-04-24T06:48:48.158+05:30  WARN 13485 --- [l-1 housekeeper] com.zaxxer.hikari.pool.HikariPool        : HikariPool-1 - Thread starvation or clock leap detected (housekeeper delta=1h45s195ms).
2026-04-24T07:50:02.246+05:30  WARN 13485 --- [l-1 housekeeper] com.zaxxer.hikari.pool.HikariPool        : HikariPool-1 - Thread starvation or clock leap detected (housekeeper delta=1h44s79ms).
2026-04-24T08:50:46.319+05:30  WARN 13485 --- [l-1 housekeeper] com.zaxxer.hikari.pool.HikariPool        : HikariPool-1 - Thread starvation or clock leap detected (housekeeper delta=1h44s73ms).
2026-04-24T08:52:05.542+05:30  WARN 13485 --- [l-1 housekeeper] com.zaxxer.hikari.pool.HikariPool        : HikariPool-1 - Thread starvation or clock leap detected (housekeeper delta=49s218ms).
2026-04-24T09:51:44.652+05:30  WARN 13485 --- [l-1 housekeeper] com.zaxxer.hikari.pool.HikariPool        : HikariPool-1 - Thread starvation or clock leap detected (housekeeper delta=59m39s109ms).
2026-04-24T10:52:53.486+05:30  WARN 13485 --- [l-1 housekeeper] com.zaxxer.hikari.pool.HikariPool        : HikariPool-1 - Thread starvation or clock leap detected (housekeeper delta=1h38s825ms).
2026-04-24T11:53:37.562+05:30  WARN 13485 --- [l-1 housekeeper] com.zaxxer.hikari.pool.HikariPool        : HikariPool-1 - Thread starvation or clock leap detected (housekeeper delta=1h44s77ms).
2026-04-24T12:54:52.637+05:30  WARN 13485 --- [l-1 housekeeper] com.zaxxer.hikari.pool.HikariPool        : HikariPool-1 - Thread starvation or clock leap detected (housekeeper delta=1h45s75ms).
2026-04-24T13:55:37.808+05:30  WARN 13485 --- [l-1 housekeeper] com.zaxxer.hikari.pool.HikariPool        : HikariPool-1 - Thread starvation or clock leap detected (housekeeper delta=1h45s170ms).
2026-04-24T14:36:54.696+05:30  WARN 13485 --- [l-1 housekeeper] com.zaxxer.hikari.pool.HikariPool        : HikariPool-1 - Thread starvation or clock leap detected (housekeeper delta=40m46s874ms).
2026-04-24T14:44:37.592+05:30  WARN 13485 --- [l-1 housekeeper] com.zaxxer.hikari.pool.HikariPool        : HikariPool-1 - Thread starvation or clock leap detected (housekeeper delta=7m12s885ms).
2026-04-24T14:56:50.726+05:30  WARN 13485 --- [l-1 housekeeper] com.zaxxer.hikari.pool.HikariPool        : HikariPool-1 - Thread starvation or clock leap detected (housekeeper delta=12m13s135ms).
2026-04-24T15:58:04.824+05:30  WARN 13485 --- [l-1 housekeeper] com.zaxxer.hikari.pool.HikariPool        : HikariPool-1 - Thread starvation or clock leap detected (housekeeper delta=1h44s85ms).
2026-04-24T16:58:48.966+05:30  WARN 13485 --- [l-1 housekeeper] com.zaxxer.hikari.pool.HikariPool        : HikariPool-1 - Thread starvation or clock leap detected (housekeeper delta=1h44s140ms).
2026-04-24T17:05:07.223+05:30  WARN 13485 --- [l-1 housekeeper] com.zaxxer.hikari.pool.HikariPool        : HikariPool-1 - Thread starvation or clock leap detected (housekeeper delta=5m48s248ms).
2026-04-24T17:21:03.885+05:30  WARN 13485 --- [l-1 housekeeper] com.zaxxer.hikari.pool.HikariPool        : HikariPool-1 - Thread starvation or clock leap detected (housekeeper delta=15m56s662ms).
2026-04-24T18:00:01.638+05:30  WARN 13485 --- [l-1 housekeeper] com.zaxxer.hikari.pool.HikariPool        : HikariPool-1 - Thread starvation or clock leap detected (housekeeper delta=38m27s746ms).
2026-04-24T19:00:46.656+05:30  WARN 13485 --- [l-1 housekeeper] com.zaxxer.hikari.pool.HikariPool        : HikariPool-1 - Thread starvation or clock leap detected (housekeeper delta=1h45s18ms).
2026-04-24T20:02:01.697+05:30  WARN 13485 --- [l-1 housekeeper] com.zaxxer.hikari.pool.HikariPool        : HikariPool-1 - Thread starvation or clock leap detected (housekeeper delta=1h45s30ms).
2026-04-24T20:12:33.528+05:30  WARN 13485 --- [l-1 housekeeper] com.zaxxer.hikari.pool.HikariPool        : HikariPool-1 - Thread starvation or clock leap detected (housekeeper delta=10m31s831ms).
2026-04-24T21:03:00.141+05:30  WARN 13485 --- [l-1 housekeeper] com.zaxxer.hikari.pool.HikariPool        : HikariPool-1 - Thread starvation or clock leap detected (housekeeper delta=49m56s604ms).
2026-04-24T22:03:44.319+05:30  WARN 13485 --- [l-1 housekeeper] com.zaxxer.hikari.pool.HikariPool        : HikariPool-1 - Thread starvation or clock leap detected (housekeeper delta=1h44s180ms).
2026-04-24T23:04:58.433+05:30  WARN 13485 --- [l-1 housekeeper] com.zaxxer.hikari.pool.HikariPool        : HikariPool-1 - Thread starvation or clock leap detected (housekeeper delta=1h44s103ms).
2026-04-24T23:30:16.660+05:30  WARN 13485 --- [l-1 housekeeper] com.zaxxer.hikari.pool.HikariPool        : HikariPool-1 - Thread starvation or clock leap detected (housekeeper delta=25m18s228ms).
2026-04-24T23:32:49.353+05:30  WARN 13485 --- [l-1 housekeeper] com.zaxxer.hikari.pool.HikariPool        : HikariPool-1 - Thread starvation or clock leap detected (housekeeper delta=2m2s686ms).
2026-04-24T23:34:45.434+05:30  WARN 13485 --- [l-1 housekeeper] com.zaxxer.hikari.pool.HikariPool        : HikariPool-1 - Thread starvation or clock leap detected (housekeeper delta=1m56s81ms).
2026-04-24T23:36:02.636+05:30  WARN 13485 --- [l-1 housekeeper] com.zaxxer.hikari.pool.HikariPool        : HikariPool-1 - Thread starvation or clock leap detected (housekeeper delta=47s198ms).
2026-04-25T00:05:40.161+05:30  WARN 13485 --- [l-1 housekeeper] com.zaxxer.hikari.pool.HikariPool        : HikariPool-1 - Thread starvation or clock leap detected (housekeeper delta=29m37s524ms).
2026-04-25T00:43:52.492+05:30  WARN 13485 --- [l-1 housekeeper] com.zaxxer.hikari.pool.HikariPool        : HikariPool-1 - Thread starvation or clock leap detected (housekeeper delta=37m42s327ms).
2026-04-25T01:06:39.672+05:30  WARN 13485 --- [l-1 housekeeper] com.zaxxer.hikari.pool.HikariPool        : HikariPool-1 - Thread starvation or clock leap detected (housekeeper delta=22m47s180ms).
2026-04-25T01:17:56.899+05:30  WARN 13485 --- [l-1 housekeeper] com.zaxxer.hikari.pool.HikariPool        : HikariPool-1 - Thread starvation or clock leap detected (housekeeper delta=10m47s218ms).
2026-04-25T03:06:17.858+05:30  WARN 13485 --- [l-1 housekeeper] com.zaxxer.hikari.pool.HikariPool        : HikariPool-1 - Thread starvation or clock leap detected (housekeeper delta=1h47m50s950ms).
2026-04-25T04:54:07.838+05:30  WARN 13485 --- [l-1 housekeeper] com.zaxxer.hikari.pool.HikariPool        : HikariPool-1 - Thread starvation or clock leap detected (housekeeper delta=1h47m49s980ms).
2026-04-25T04:56:39.084+05:30  WARN 13485 --- [l-1 housekeeper] com.zaxxer.hikari.pool.HikariPool        : HikariPool-1 - Thread starvation or clock leap detected (housekeeper delta=2m1s238ms).
2026-04-25T05:25:22.306+05:30  WARN 13485 --- [l-1 housekeeper] com.zaxxer.hikari.pool.HikariPool        : HikariPool-1 - Thread starvation or clock leap detected (housekeeper delta=28m43s223ms).
2026-04-25T06:57:37.389+05:30  WARN 13485 --- [l-1 housekeeper] com.zaxxer.hikari.pool.HikariPool        : HikariPool-1 - Thread starvation or clock leap detected (housekeeper delta=1h31m45s80ms).
2026-04-25T07:58:22.484+05:30  WARN 13485 --- [l-1 housekeeper] com.zaxxer.hikari.pool.HikariPool        : HikariPool-1 - Thread starvation or clock leap detected (housekeeper delta=1h45s96ms).
2026-04-25T08:14:48.141+05:30  WARN 13485 --- [l-1 housekeeper] com.zaxxer.hikari.pool.HikariPool        : HikariPool-1 - Thread starvation or clock leap detected (housekeeper delta=15m55s645ms).
2026-04-25T08:59:21.840+05:30  WARN 13485 --- [l-1 housekeeper] com.zaxxer.hikari.pool.HikariPool        : HikariPool-1 - Thread starvation or clock leap detected (housekeeper delta=44m33s700ms).
2026-04-25T09:31:05.020+05:30  WARN 13485 --- [l-1 housekeeper] com.zaxxer.hikari.pool.HikariPool        : HikariPool-1 - Thread starvation or clock leap detected (housekeeper delta=31m13s177ms).
2026-04-25T10:00:20.233+05:30  WARN 13485 --- [l-1 housekeeper] com.zaxxer.hikari.pool.HikariPool        : HikariPool-1 - Thread starvation or clock leap detected (housekeeper delta=29m15s212ms).
2026-04-25T11:01:34.325+05:30  WARN 13485 --- [l-1 housekeeper] com.zaxxer.hikari.pool.HikariPool        : HikariPool-1 - Thread starvation or clock leap detected (housekeeper delta=1h44s90ms).
2026-04-25T11:02:29.195+05:30  WARN 13485 --- [l-1 housekeeper] com.zaxxer.hikari.pool.HikariPool        : HikariPool-1 - Thread starvation or clock leap detected (housekeeper delta=54s871ms).
2026-04-25T11:55:05.578+05:30  WARN 13485 --- [l-1 housekeeper] com.zaxxer.hikari.pool.HikariPool        : HikariPool-1 - Thread starvation or clock leap detected (housekeeper delta=52m6s378ms).
2026-04-25T12:02:41.666+05:30  WARN 13485 --- [l-1 housekeeper] com.zaxxer.hikari.pool.HikariPool        : HikariPool-1 - Thread starvation or clock leap detected (housekeeper delta=7m6s79ms).
2026-04-25T12:35:59.996+05:30  WARN 13485 --- [l-1 housekeeper] com.zaxxer.hikari.pool.HikariPool        : HikariPool-1 - Thread starvation or clock leap detected (housekeeper delta=33m18s329ms).
2026-04-25T13:00:36.624+05:30  WARN 13485 --- [l-1 housekeeper] com.zaxxer.hikari.pool.HikariPool        : HikariPool-1 - Thread starvation or clock leap detected (housekeeper delta=24m6s618ms).
2026-04-25T13:03:25.584+05:30  WARN 13485 --- [l-1 housekeeper] com.zaxxer.hikari.pool.HikariPool        : HikariPool-1 - Thread starvation or clock leap detected (housekeeper delta=2m48s958ms).
2026-04-25T13:12:08.716+05:30  WARN 13485 --- [l-1 housekeeper] com.zaxxer.hikari.pool.HikariPool        : HikariPool-1 - Thread starvation or clock leap detected (housekeeper delta=8m13s128ms).
2026-04-25T13:20:39.223+05:30  WARN 13485 --- [l-1 housekeeper] com.zaxxer.hikari.pool.HikariPool        : HikariPool-1 - Thread starvation or clock leap detected (housekeeper delta=8m30s509ms).
2026-04-25T14:04:39.437+05:30  WARN 13485 --- [l-1 housekeeper] com.zaxxer.hikari.pool.HikariPool        : HikariPool-1 - Thread starvation or clock leap detected (housekeeper delta=43m30s210ms).
2026-04-25T15:05:24.515+05:30  WARN 13485 --- [l-1 housekeeper] com.zaxxer.hikari.pool.HikariPool        : HikariPool-1 - Thread starvation or clock leap detected (housekeeper delta=1h45s78ms).
2026-04-25T15:51:09.191+05:30  WARN 13485 --- [l-1 housekeeper] com.zaxxer.hikari.pool.HikariPool        : HikariPool-1 - Thread starvation or clock leap detected (housekeeper delta=45m14s661ms).
2026-04-25T15:54:11.503+05:30  INFO 13485 --- [ionShutdownHook] j.LocalContainerEntityManagerFactoryBean : Closing JPA EntityManagerFactory for persistence unit 'default'
2026-04-25T15:54:11.553+05:30  INFO 13485 --- [ionShutdownHook] com.zaxxer.hikari.HikariDataSource       : HikariPool-1 - Shutdown initiated...
2026-04-25T15:54:11.560+05:30  INFO 13485 --- [ionShutdownHook] com.zaxxer.hikari.HikariDataSource       : HikariPool-1 - Shutdown completed.
